[INFO] Starting converter (Blender side)
[INFO] Blender 4.2.23 LTS headless
[INFO] DragonFF addon registered (official Parik27/DragonFF)
[INFO] Importing FBX: /home/user/dadafdzf/FBX2MTA/input/Dragon_2.5.fbx
[INFO]   axis check: forward=-Z up=Y -> extents X=151.39 Y=98.54 Z=32.25 (upright score 0.213) [default (Y-up source)]
[INFO] FBX imported (axis forward=-Z, up=Y, extents X/Y/Z = 151.39/98.54/32.25)
[INFO] GTA SA coordinate layer: Blender is Z-up right-handed, matching GTA SA (+Z up). Model verified upright in Blender space -> no mirror/hand-flip needed. DragonFF exports Blender coords verbatim and handles UV v-flip + winding internally.
[INFO] Skinned model detected: 1 armature(s)
[INFO] Renaming image datablock 'Dragon_Bump_Col.jpg.001' -> 'Dragon_Bump_Col2' (matches texture file)
[INFO] Renaming image datablock 'Dragon_Nor_mirror.jpg' -> 'Dragon_Nor_mirror2' (matches texture file)
[INFO]   texture: Dragon_Bump_Col2  (/home/user/dadafdzf/FBX2MTA/input/textures/Dragon_Bump_Col2.jpg)
[INFO]   texture: Dragon_Nor_mirror2  (/home/user/dadafdzf/FBX2MTA/input/textures/Dragon_Nor_mirror2.jpg)
[INFO] Processing mesh 'Cube': verts=19895 polys=37985
[INFO]   already triangulated
[INFO]   merged 509 duplicate vertices
[INFO]   open mesh (780 boundary edges): keeping original normals (validated finite+normalized)
[INFO]   UV layer 'UV_mirror': 113955 coords (loops=113955)
[INFO]   UV layer 'UV_NO_mirror': 113955 coords (loops=113955)
[INFO] Applied residual transforms on 2 object(s) (kept model shape, normalized root matrices)
[INFO] OBJECT: Cube
Vertices: 19386
Triangles: 37985
[INFO] MATERIAL: EYES
Triangles: 1104
[INFO] MATERIAL: Game_dragon
Triangles: 226
[INFO] MATERIAL: Game_dragon.001
Triangles: 36655
[INFO] Geometry Budget: AUTO - 37985 triangles within limits, no reduction (hard DFF limit 65535 verts/geometry respected)
[INFO] Armature 'a': bone_id/type set on 230 bones
[INFO]   'Cube': estimated DFF vertices 22827 (limit 65535)
[INFO]   material 'EYES': bump map -> 'Dragon_Nor_mirror2'
[INFO]   material 'Game_dragon': bump map -> 'Dragon_Nor_mirror2'
[INFO]   material 'Game_dragon.001': bump map -> 'Dragon_Nor_mirror2'
[INFO] Export attempt [base]: result={'FINISHED'} file_ok=True
[INFO] DFF exported: /home/user/dadafdzf/FBX2MTA/temp/Dragon_2.5.dff (1764246 bytes) in 19.42s
[SUCCESS] DFF created: /home/user/dadafdzf/FBX2MTA/temp/Dragon_2.5.dff
